Testing http://localhost:8000/analyze with image: test_image.jpg
python.exe : Traceback 
(most recent call 
last):
At line:1 char:1
+ & ".\.venv\Scripts\py
thon.exe" test_api.py 
test_image.jpg > 
test_outp ...
+ ~~~~~~~~~~~~~~~~~~~~~
~~~~~~~~~~~~~~~~~~~~~~~
~~~~~~~~~~~~~~~~~~~~~~~
~~
    + CategoryInfo     
         : NotSpecifi  
  ed: (Traceback (mo   
 st recent call las    
t)::String) [], Re    
moteException
    + FullyQualifiedEr 
   rorId : NativeComm  
  andError
 
  File "C:\Users\kebis\
Downloads\ShoppingAgent
4\Store-Sense-AI-Person
al-Shopper\.venv\Lib\si
te-packages\urllib3\con
nection.py", line 204, 
in _new_conn
    sock = connection.c
reate_connection(
        
(self._dns_host, 
self.port),
    ...<2 lines>...
        socket_options=
self.socket_options,
    )
  File "C:\Users\kebis\
Downloads\ShoppingAgent
4\Store-Sense-AI-Person
al-Shopper\.venv\Lib\si
te-packages\urllib3\uti
l\connection.py", line 
85, in 
create_connection
    raise err
  File "C:\Users\kebis\
Downloads\ShoppingAgent
4\Store-Sense-AI-Person
al-Shopper\.venv\Lib\si
te-packages\urllib3\uti
l\connection.py", line 
73, in 
create_connection
    sock.connect(sa)
    ~~~~~~~~~~~~^^^^
ConnectionRefusedError:
 [WinError 10061] No 
connection could be 
made because the 
target machine 
actively refused it

The above exception 
was the direct cause 
of the following 
exception:

Traceback (most recent 
call last):
  File "C:\Users\kebis\
Downloads\ShoppingAgent
4\Store-Sense-AI-Person
al-Shopper\.venv\Lib\si
te-packages\urllib3\con
nectionpool.py", line 
787, in urlopen
    response = 
self._make_request(
        conn,
    ...<10 lines>...
        **response_kw,
    )
  File "C:\Users\kebis\
Downloads\ShoppingAgent
4\Store-Sense-AI-Person
al-Shopper\.venv\Lib\si
te-packages\urllib3\con
nectionpool.py", line 
493, in _make_request
    conn.request(
    ~~~~~~~~~~~~^
        method,
        ^^^^^^^
    ...<6 lines>...
        enforce_content
_length=enforce_content
_length,
        ^^^^^^^^^^^^^^^
^^^^^^^^^^^^^^^^^^^^^^^
^^^^^^^^
    )
    ^
  File "C:\Users\kebis\
Downloads\ShoppingAgent
4\Store-Sense-AI-Person
al-Shopper\.venv\Lib\si
te-packages\urllib3\con
nection.py", line 500, 
in request
    self.endheaders()
    ~~~~~~~~~~~~~~~^^
  File "C:\Program File
s\WindowsApps\PythonSof
twareFoundation.Python.
3.13_3.13.3312.0_x64__q
bz5n2kfra8p0\Lib\http\c
lient.py", line 1353, 
in endheaders
    self._send_output(m
essage_body, encode_chu
nked=encode_chunked)
    ~~~~~~~~~~~~~~~~~^^
^^^^^^^^^^^^^^^^^^^^^^^
^^^^^^^^^^^^^^^^^^^^
  File "C:\Program File
s\WindowsApps\PythonSof
twareFoundation.Python.
3.13_3.13.3312.0_x64__q
bz5n2kfra8p0\Lib\http\c
lient.py", line 1113, 
in _send_output
    self.send(msg)
    ~~~~~~~~~^^^^^
  File "C:\Program File
s\WindowsApps\PythonSof
twareFoundation.Python.
3.13_3.13.3312.0_x64__q
bz5n2kfra8p0\Lib\http\c
lient.py", line 1057, 
in send
    self.connect()
    ~~~~~~~~~~~~^^
  File "C:\Users\kebis\
Downloads\ShoppingAgent
4\Store-Sense-AI-Person
al-Shopper\.venv\Lib\si
te-packages\urllib3\con
nection.py", line 331, 
in connect
    self.sock = 
self._new_conn()
                
~~~~~~~~~~~~~~^^
  File "C:\Users\kebis\
Downloads\ShoppingAgent
4\Store-Sense-AI-Person
al-Shopper\.venv\Lib\si
te-packages\urllib3\con
nection.py", line 219, 
in _new_conn
    raise 
NewConnectionError(
        self, f"Failed 
to establish a new 
connection: {e}"
    ) from e
urllib3.exceptions.NewC
onnectionError: HTTPCon
nection(host='localhost
', port=8000): Failed 
to establish a new 
connection: [WinError 
10061] No connection 
could be made because 
the target machine 
actively refused it

The above exception 
was the direct cause 
of the following 
exception:

Traceback (most recent 
call last):
  File "C:\Users\kebis\
Downloads\ShoppingAgent
4\Store-Sense-AI-Person
al-Shopper\.venv\Lib\si
te-packages\requests\ad
apters.py", line 644, 
in send
    resp = 
conn.urlopen(
        
method=request.method,
    ...<9 lines>...
        
chunked=chunked,
    )
  File "C:\Users\kebis\
Downloads\ShoppingAgent
4\Store-Sense-AI-Person
al-Shopper\.venv\Lib\si
te-packages\urllib3\con
nectionpool.py", line 
841, in urlopen
    retries = 
retries.increment(
        method, url, 
error=new_e, 
_pool=self, _stacktrace
=sys.exc_info()[2]
    )
  File "C:\Users\kebis\
Downloads\ShoppingAgent
4\Store-Sense-AI-Person
al-Shopper\.venv\Lib\si
te-packages\urllib3\uti
l\retry.py", line 535, 
in increment
    raise 
MaxRetryError(_pool, 
url, reason) from 
reason  # type: 
ignore[arg-type]
    ^^^^^^^^^^^^^^^^^^^
^^^^^^^^^^^^^^^^^^^^^^^
^^^^^^^^^
urllib3.exceptions.MaxR
etryError: HTTPConnecti
onPool(host='localhost'
, port=8000): Max 
retries exceeded with 
url: /analyze (Caused 
by NewConnectionError("
HTTPConnection(host='lo
calhost', port=8000): 
Failed to establish a 
new connection: 
[WinError 10061] No 
connection could be 
made because the 
target machine 
actively refused it"))

During handling of the 
above exception, 
another exception 
occurred:

Traceback (most recent 
call last):
  File "C:\Users\kebis\
Downloads\ShoppingAgent
4\Store-Sense-AI-Person
al-Shopper\test_api.py"
, line 28, in <module>
    
test_analyze(img_path)
    
~~~~~~~~~~~~^^^^^^^^^^
  File "C:\Users\kebis\
Downloads\ShoppingAgent
4\Store-Sense-AI-Person
al-Shopper\test_api.py"
, line 11, in 
test_analyze
    response = 
requests.post(url, 
files=files)
  File "C:\Users\kebis\
Downloads\ShoppingAgent
4\Store-Sense-AI-Person
al-Shopper\.venv\Lib\si
te-packages\requests\ap
i.py", line 115, in 
post
    return 
request("post", url, 
data=data, json=json, 
**kwargs)
  File "C:\Users\kebis\
Downloads\ShoppingAgent
4\Store-Sense-AI-Person
al-Shopper\.venv\Lib\si
te-packages\requests\ap
i.py", line 59, in 
request
    return session.requ
est(method=method, 
url=url, **kwargs)
           ~~~~~~~~~~~~
~~~^^^^^^^^^^^^^^^^^^^^
^^^^^^^^^^^^^^
  File "C:\Users\kebis\
Downloads\ShoppingAgent
4\Store-Sense-AI-Person
al-Shopper\.venv\Lib\si
te-packages\requests\se
ssions.py", line 589, 
in request
    resp = 
self.send(prep, 
**send_kwargs)
  File "C:\Users\kebis\
Downloads\ShoppingAgent
4\Store-Sense-AI-Person
al-Shopper\.venv\Lib\si
te-packages\requests\se
ssions.py", line 703, 
in send
    r = 
adapter.send(request, 
**kwargs)
  File "C:\Users\kebis\
Downloads\ShoppingAgent
4\Store-Sense-AI-Person
al-Shopper\.venv\Lib\si
te-packages\requests\ad
apters.py", line 677, 
in send
    raise 
ConnectionError(e, 
request=request)
requests.exceptions.Con
nectionError: HTTPConne
ctionPool(host='localho
st', port=8000): Max 
retries exceeded with 
url: /analyze (Caused 
by NewConnectionError("
HTTPConnection(host='lo
calhost', port=8000): 
Failed to establish a 
new connection: 
[WinError 10061] No 
connection could be 
made because the 
target machine 
actively refused it"))
